{:JSONText [{:_* ()} {:JSONObject {:ContainingObject [\{ {:_* (\return \newline \space \space \space \space)} {:Members {:Pair [{:JSONString {:ContainingString [\" {:Chars [{:GuardedChar [true {:Char [true {:NonEscapedChar \g}]}]} ({:GuardedChar [true {:Char [true {:NonEscapedChar \l}]}]} {:GuardedChar [true {:Char [true {:NonEscapedChar \o}]}]} {:GuardedChar [true {:Char [true {:NonEscapedChar \s}]}]} {:GuardedChar [true {:Char [true {:NonEscapedChar \s}]}]} {:GuardedChar [true {:Char [true {:NonEscapedChar \a}]}]} {:GuardedChar [true {:Char [true {:NonEscapedChar \r}]}]} {:GuardedChar [true {:Char [true {:NonEscapedChar \y}]}]})]} \"]}} {:_* ()} \: {:_* \space} {:Value {:JSONObject {:ContainingObject [\{ {:_* (\return \newline \space \space \space \space \space \space \space \space)} {:Members [{:Pair [{:JSONString {:ContainingString [\" {:Chars [{:GuardedChar [true {:Char [true {:NonEscapedChar \t}]}]} ({:GuardedChar [true {:Char [true {:NonEscapedChar \i}]}]} {:GuardedChar [true {:Char [true {:NonEscapedChar \t}]}]} {:GuardedChar [true {:Char [true {:NonEscapedChar \l}]}]} {:GuardedChar [true {:Char [true {:NonEscapedChar \e}]}]})]} \"]}} {:_* ()} \: {:_* \space} {:Value {:JSONString {:ContainingString [\" {:Chars [{:GuardedChar [true {:Char [true {:NonEscapedChar \e}]}]} ({:GuardedChar [true {:Char [true {:NonEscapedChar \x}]}]} {:GuardedChar [true {:Char [true {:NonEscapedChar \a}]}]} {:GuardedChar [true {:Char [true {:NonEscapedChar \m}]}]} {:GuardedChar [true {:Char [true {:NonEscapedChar \p}]}]} {:GuardedChar [true {:Char [true {:NonEscapedChar \l}]}]} {:GuardedChar [true {:Char [true {:NonEscapedChar \e}]}]} {:GuardedChar [true {:Char [true {:NonEscapedChar \space}]}]} {:GuardedChar [true {:Char [true {:NonEscapedChar \g}]}]} {:GuardedChar [true {:Char [true {:NonEscapedChar \l}]}]} {:GuardedChar [true {:Char [true {:NonEscapedChar \o}]}]} {:GuardedChar [true {:Char [true {:NonEscapedChar \s}]}]} {:GuardedChar [true {:Char [true {:NonEscapedChar \s}]}]} {:GuardedChar [true {:Char [true {:NonEscapedChar \a}]}]} {:GuardedChar [true {:Char [true {:NonEscapedChar \r}]}]} {:GuardedChar [true {:Char [true {:NonEscapedChar \y}]}]})]} \"]}}}]} {:_* ()} \, {:_* (\return \newline \tab \tab)} {:Members {:Pair [{:JSONString {:ContainingString [\" {:Chars [{:GuardedChar [true {:Char [true {:NonEscapedChar \G}]}]} ({:GuardedChar [true {:Char [true {:NonEscapedChar \l}]}]} {:GuardedChar [true {:Char [true {:NonEscapedChar \o}]}]} {:GuardedChar [true {:Char [true {:NonEscapedChar \s}]}]} {:GuardedChar [true {:Char [true {:NonEscapedChar \s}]}]} {:GuardedChar [true {:Char [true {:NonEscapedChar \D}]}]} {:GuardedChar [true {:Char [true {:NonEscapedChar \i}]}]} {:GuardedChar [true {:Char [true {:NonEscapedChar \v}]}]})]} \"]}} {:_* ()} \: {:_* \space} {:Value {:JSONObject {:ContainingObject [\{ {:_* (\return \newline \space \space \space \space \space \space \space \space \space \space \space \space)} {:Members [{:Pair [{:JSONString {:ContainingString [\" {:Chars [{:GuardedChar [true {:Char [true {:NonEscapedChar \t}]}]} ({:GuardedChar [true {:Char [true {:NonEscapedChar \i}]}]} {:GuardedChar [true {:Char [true {:NonEscapedChar \t}]}]} {:GuardedChar [true {:Char [true {:NonEscapedChar \l}]}]} {:GuardedChar [true {:Char [true {:NonEscapedChar \e}]}]})]} \"]}} {:_* ()} \: {:_* \space} {:Value {:JSONString {:ContainingString [\" {:Chars [{:GuardedChar [true {:Char [true {:NonEscapedChar \S}]}]} ()]} \"]}}}]} {:_* ()} \, {:_* (\return \newline \tab \tab \tab)} {:Members {:Pair [{:JSONString {:ContainingString [\" {:Chars [{:GuardedChar [true {:Char [true {:NonEscapedChar \G}]}]} ({:GuardedChar [true {:Char [true {:NonEscapedChar \l}]}]} {:GuardedChar [true {:Char [true {:NonEscapedChar \o}]}]} {:GuardedChar [true {:Char [true {:NonEscapedChar \s}]}]} {:GuardedChar [true {:Char [true {:NonEscapedChar \s}]}]} {:GuardedChar [true {:Char [true {:NonEscapedChar \L}]}]} {:GuardedChar [true {:Char [true {:NonEscapedChar \i}]}]} {:GuardedChar [true {:Char [true {:NonEscapedChar \s}]}]} {:GuardedChar [true {:Char [true {:NonEscapedChar \t}]}]})]} \"]}} {:_* ()} \: {:_* \space} {:Value {:JSONObject {:ContainingObject [\{ {:_* (\return \newline \space \space \space \space \space \space \space \space \space \space \space \space \space \space \space \space)} {:Members {:Pair [{:JSONString {:ContainingString [\" {:Chars [{:GuardedChar [true {:Char [true {:NonEscapedChar \G}]}]} ({:GuardedChar [true {:Char [true {:NonEscapedChar \l}]}]} {:GuardedChar [true {:Char [true {:NonEscapedChar \o}]}]} {:GuardedChar [true {:Char [true {:NonEscapedChar \s}]}]} {:GuardedChar [true {:Char [true {:NonEscapedChar \s}]}]} {:GuardedChar [true {:Char [true {:NonEscapedChar \E}]}]} {:GuardedChar [true {:Char [true {:NonEscapedChar \n}]}]} {:GuardedChar [true {:Char [true {:NonEscapedChar \t}]}]} {:GuardedChar [true {:Char [true {:NonEscapedChar \r}]}]} {:GuardedChar [true {:Char [true {:NonEscapedChar \y}]}]})]} \"]}} {:_* ()} \: {:_* \space} {:Value {:JSONObject {:ContainingObject [\{ {:_* (\return \newline \space \space \space \space \space \space \space \space \space \space \space \space \space \space \space \space \space \space \space \space)} {:Members [{:Pair [{:JSONString {:ContainingString [\" {:Chars [{:GuardedChar [true {:Char [true {:NonEscapedChar \I}]}]} {:GuardedChar [true {:Char [true {:NonEscapedChar \D}]}]}]} \"]}} {:_* ()} \: {:_* \space} {:Value {:JSONString {:ContainingString [\" {:Chars [{:GuardedChar [true {:Char [true {:NonEscapedChar \S}]}]} ({:GuardedChar [true {:Char [true {:NonEscapedChar \G}]}]} {:GuardedChar [true {:Char [true {:NonEscapedChar \M}]}]} {:GuardedChar [true {:Char [true {:NonEscapedChar \L}]}]})]} \"]}}}]} {:_* ()} \, {:_* (\return \newline \tab \tab \tab \tab \tab)} {:Members [{:Pair [{:JSONString {:ContainingString [\" {:Chars [{:GuardedChar [true {:Char [true {:NonEscapedChar \S}]}]} ({:GuardedChar [true {:Char [true {:NonEscapedChar \o}]}]} {:GuardedChar [true {:Char [true {:NonEscapedChar \r}]}]} {:GuardedChar [true {:Char [true {:NonEscapedChar \t}]}]} {:GuardedChar [true {:Char [true {:NonEscapedChar \A}]}]} {:GuardedChar [true {:Char [true {:NonEscapedChar \s}]}]})]} \"]}} {:_* ()} \: {:_* \space} {:Value {:JSONString {:ContainingString [\" {:Chars [{:GuardedChar [true {:Char [true {:NonEscapedChar \S}]}]} ({:GuardedChar [true {:Char [true {:NonEscapedChar \G}]}]} {:GuardedChar [true {:Char [true {:NonEscapedChar \M}]}]} {:GuardedChar [true {:Char [true {:NonEscapedChar \L}]}]})]} \"]}}}]} {:_* ()} \, {:_* (\return \newline \tab \tab \tab \tab \tab)} {:Members [{:Pair [{:JSONString {:ContainingString [\" {:Chars [{:GuardedChar [true {:Char [true {:NonEscapedChar \G}]}]} ({:GuardedChar [true {:Char [true {:NonEscapedChar \l}]}]} {:GuardedChar [true {:Char [true {:NonEscapedChar \o}]}]} {:GuardedChar [true {:Char [true {:NonEscapedChar \s}]}]} {:GuardedChar [true {:Char [true {:NonEscapedChar \s}]}]} {:GuardedChar [true {:Char [true {:NonEscapedChar \T}]}]} {:GuardedChar [true {:Char [true {:NonEscapedChar \e}]}]} {:GuardedChar [true {:Char [true {:NonEscapedChar \r}]}]} {:GuardedChar [true {:Char [true {:NonEscapedChar \m}]}]})]} \"]}} {:_* ()} \: {:_* \space} {:Value {:JSONString {:ContainingString [\" {:Chars [{:GuardedChar [true {:Char [true {:NonEscapedChar \S}]}]} ({:GuardedChar [true {:Char [true {:NonEscapedChar \t}]}]} {:GuardedChar [true {:Char [true {:NonEscapedChar \a}]}]} {:GuardedChar [true {:Char [true {:NonEscapedChar \n}]}]} {:GuardedChar [true {:Char [true {:NonEscapedChar \d}]}]} {:GuardedChar [true {:Char [true {:NonEscapedChar \a}]}]} {:GuardedChar [true {:Char [true {:NonEscapedChar \r}]}]} {:GuardedChar [true {:Char [true {:NonEscapedChar \d}]}]} {:GuardedChar [true {:Char [true {:NonEscapedChar \space}]}]} {:GuardedChar [true {:Char [true {:NonEscapedChar \G}]}]} {:GuardedChar [true {:Char [true {:NonEscapedChar \e}]}]} {:GuardedChar [true {:Char [true {:NonEscapedChar \n}]}]} {:GuardedChar [true {:Char [true {:NonEscapedChar \e}]}]} {:GuardedChar [true {:Char [true {:NonEscapedChar \r}]}]} {:GuardedChar [true {:Char [true {:NonEscapedChar \a}]}]} {:GuardedChar [true {:Char [true {:NonEscapedChar \l}]}]} {:GuardedChar [true {:Char [true {:NonEscapedChar \i}]}]} {:GuardedChar [true {:Char [true {:NonEscapedChar \z}]}]} {:GuardedChar [true {:Char [true {:NonEscapedChar \e}]}]} {:GuardedChar [true {:Char [true {:NonEscapedChar \d}]}]} {:GuardedChar [true {:Char [true {:NonEscapedChar \space}]}]} {:GuardedChar [true {:Char [true {:NonEscapedChar \M}]}]} {:GuardedChar [true {:Char [true {:NonEscapedChar \a}]}]} {:GuardedChar [true {:Char [true {:NonEscapedChar \r}]}]} {:GuardedChar [true {:Char [true {:NonEscapedChar \k}]}]} {:GuardedChar [true {:Char [true {:NonEscapedChar \u}]}]} {:GuardedChar [true {:Char [true {:NonEscapedChar \p}]}]} {:GuardedChar [true {:Char [true {:NonEscapedChar \space}]}]} {:GuardedChar [true {:Char [true {:NonEscapedChar \L}]}]} {:GuardedChar [true {:Char [true {:NonEscapedChar \a}]}]} {:GuardedChar [true {:Char [true {:NonEscapedChar \n}]}]} {:GuardedChar [true {:Char [true {:NonEscapedChar \g}]}]} {:GuardedChar [true {:Char [true {:NonEscapedChar \u}]}]} {:GuardedChar [true {:Char [true {:NonEscapedChar \a}]}]} {:GuardedChar [true {:Char [true {:NonEscapedChar \g}]}]} {:GuardedChar [true {:Char [true {:NonEscapedChar \e}]}]})]} \"]}}}]} {:_* ()} \, {:_* (\return \newline \tab \tab \tab \tab \tab)} {:Members [{:Pair [{:JSONString {:ContainingString [\" {:Chars [{:GuardedChar [true {:Char [true {:NonEscapedChar \A}]}]} ({:GuardedChar [true {:Char [true {:NonEscapedChar \c}]}]} {:GuardedChar [true {:Char [true {:NonEscapedChar \r}]}]} {:GuardedChar [true {:Char [true {:NonEscapedChar \o}]}]} {:GuardedChar [true {:Char [true {:NonEscapedChar \n}]}]} {:GuardedChar [true {:Char [true {:NonEscapedChar \y}]}]} {:GuardedChar [true {:Char [true {:NonEscapedChar \m}]}]})]} \"]}} {:_* ()} \: {:_* \space} {:Value {:JSONString {:ContainingString [\" {:Chars [{:GuardedChar [true {:Char [true {:NonEscapedChar \S}]}]} ({:GuardedChar [true {:Char [true {:NonEscapedChar \G}]}]} {:GuardedChar [true {:Char [true {:NonEscapedChar \M}]}]} {:GuardedChar [true {:Char [true {:NonEscapedChar \L}]}]})]} \"]}}}]} {:_* ()} \, {:_* (\return \newline \tab \tab \tab \tab \tab)} {:Members [{:Pair [{:JSONString {:ContainingString [\" {:Chars [{:GuardedChar [true {:Char [true {:NonEscapedChar \A}]}]} ({:GuardedChar [true {:Char [true {:NonEscapedChar \b}]}]} {:GuardedChar [true {:Char [true {:NonEscapedChar \b}]}]} {:GuardedChar [true {:Char [true {:NonEscapedChar \r}]}]} {:GuardedChar [true {:Char [true {:NonEscapedChar \e}]}]} {:GuardedChar [true {:Char [true {:NonEscapedChar \v}]}]})]} \"]}} {:_* ()} \: {:_* \space} {:Value {:JSONString {:ContainingString [\" {:Chars [{:GuardedChar [true {:Char [true {:NonEscapedChar \I}]}]} ({:GuardedChar [true {:Char [true {:NonEscapedChar \S}]}]} {:GuardedChar [true {:Char [true {:NonEscapedChar \O}]}]} {:GuardedChar [true {:Char [true {:NonEscapedChar \space}]}]} {:GuardedChar [true {:Char [true {:NonEscapedChar \8}]}]} {:GuardedChar [true {:Char [true {:NonEscapedChar \8}]}]} {:GuardedChar [true {:Char [true {:NonEscapedChar \7}]}]} {:GuardedChar [true {:Char [true {:NonEscapedChar \9}]}]} {:GuardedChar [true {:Char [true {:NonEscapedChar \:}]}]} {:GuardedChar [true {:Char [true {:NonEscapedChar \1}]}]} {:GuardedChar [true {:Char [true {:NonEscapedChar \9}]}]} {:GuardedChar [true {:Char [true {:NonEscapedChar \8}]}]} {:GuardedChar [true {:Char [true {:NonEscapedChar \6}]}]})]} \"]}}}]} {:_* ()} \, {:_* (\return \newline \tab \tab \tab \tab \tab)} {:Members [{:Pair [{:JSONString {:ContainingString [\" {:Chars [{:GuardedChar [true {:Char [true {:NonEscapedChar \G}]}]} ({:GuardedChar [true {:Char [true {:NonEscapedChar \l}]}]} {:GuardedChar [true {:Char [true {:NonEscapedChar \o}]}]} {:GuardedChar [true {:Char [true {:NonEscapedChar \s}]}]} {:GuardedChar [true {:Char [true {:NonEscapedChar \s}]}]} {:GuardedChar [true {:Char [true {:NonEscapedChar \D}]}]} {:GuardedChar [true {:Char [true {:NonEscapedChar \e}]}]} {:GuardedChar [true {:Char [true {:NonEscapedChar \f}]}]})]} \"]}} {:_* ()} \: {:_* \space} {:Value {:JSONObject {:ContainingObject [\{ {:_* (\return \newline \space \space \space \space \space \space \space \space \space \space \space \space \space \space \space \space \space \space \space \space \space \space \space \space)} {:Members [{:Pair [{:JSONString {:ContainingString [\" {:Chars [{:GuardedChar [true {:Char [true {:NonEscapedChar \p}]}]} ({:GuardedChar [true {:Char [true {:NonEscapedChar \a}]}]} {:GuardedChar [true {:Char [true {:NonEscapedChar \r}]}]} {:GuardedChar [true {:Char [true {:NonEscapedChar \a}]}]})]} \"]}} {:_* ()} \: {:_* \space} {:Value {:JSONString {:ContainingString [\" {:Chars [{:GuardedChar [true {:Char [true {:NonEscapedChar \A}]}]} ({:GuardedChar [true {:Char [true {:NonEscapedChar \space}]}]} {:GuardedChar [true {:Char [true {:NonEscapedChar \m}]}]} {:GuardedChar [true {:Char [true {:NonEscapedChar \e}]}]} {:GuardedChar [true {:Char [true {:NonEscapedChar \t}]}]} {:GuardedChar [true {:Char [true {:NonEscapedChar \a}]}]} {:GuardedChar [true {:Char [true {:NonEscapedChar \-}]}]} {:GuardedChar [true {:Char [true {:NonEscapedChar \m}]}]} {:GuardedChar [true {:Char [true {:NonEscapedChar \a}]}]} {:GuardedChar [true {:Char [true {:NonEscapedChar \r}]}]} {:GuardedChar [true {:Char [true {:NonEscapedChar \k}]}]} {:GuardedChar [true {:Char [true {:NonEscapedChar \u}]}]} {:GuardedChar [true {:Char [true {:NonEscapedChar \p}]}]} {:GuardedChar [true {:Char [true {:NonEscapedChar \space}]}]} {:GuardedChar [true {:Char [true {:NonEscapedChar \l}]}]} {:GuardedChar [true {:Char [true {:NonEscapedChar \a}]}]} {:GuardedChar [true {:Char [true {:NonEscapedChar \n}]}]} {:GuardedChar [true {:Char [true {:NonEscapedChar \g}]}]} {:GuardedChar [true {:Char [true {:NonEscapedChar \u}]}]} {:GuardedChar [true {:Char [true {:NonEscapedChar \a}]}]} {:GuardedChar [true {:Char [true {:NonEscapedChar \g}]}]} {:GuardedChar [true {:Char [true {:NonEscapedChar \e}]}]} {:GuardedChar [true {:Char [true {:NonEscapedChar \,}]}]} {:GuardedChar [true {:Char [true {:NonEscapedChar \space}]}]} {:GuardedChar [true {:Char [true {:NonEscapedChar \u}]}]} {:GuardedChar [true {:Char [true {:NonEscapedChar \s}]}]} {:GuardedChar [true {:Char [true {:NonEscapedChar \e}]}]} {:GuardedChar [true {:Char [true {:NonEscapedChar \d}]}]} {:GuardedChar [true {:Char [true {:NonEscapedChar \space}]}]} {:GuardedChar [true {:Char [true {:NonEscapedChar \t}]}]} {:GuardedChar [true {:Char [true {:NonEscapedChar \o}]}]} {:GuardedChar [true {:Char [true {:NonEscapedChar \space}]}]} {:GuardedChar [true {:Char [true {:NonEscapedChar \c}]}]} {:GuardedChar [true {:Char [true {:NonEscapedChar \r}]}]} {:GuardedChar [true {:Char [true {:NonEscapedChar \e}]}]} {:GuardedChar [true {:Char [true {:NonEscapedChar \a}]}]} {:GuardedChar [true {:Char [true {:NonEscapedChar \t}]}]} {:GuardedChar [true {:Char [true {:NonEscapedChar \e}]}]} {:GuardedChar [true {:Char [true {:NonEscapedChar \space}]}]} {:GuardedChar [true {:Char [true {:NonEscapedChar \m}]}]} {:GuardedChar [true {:Char [true {:NonEscapedChar \a}]}]} {:GuardedChar [true {:Char [true {:NonEscapedChar \r}]}]} {:GuardedChar [true {:Char [true {:NonEscapedChar \k}]}]} {:GuardedChar [true {:Char [true {:NonEscapedChar \u}]}]} {:GuardedChar [true {:Char [true {:NonEscapedChar \p}]}]} {:GuardedChar [true {:Char [true {:NonEscapedChar \space}]}]} {:GuardedChar [true {:Char [true {:NonEscapedChar \l}]}]} {:GuardedChar [true {:Char [true {:NonEscapedChar \a}]}]} {:GuardedChar [true {:Char [true {:NonEscapedChar \n}]}]} {:GuardedChar [true {:Char [true {:NonEscapedChar \g}]}]} {:GuardedChar [true {:Char [true {:NonEscapedChar \u}]}]} {:GuardedChar [true {:Char [true {:NonEscapedChar \a}]}]} {:GuardedChar [true {:Char [true {:NonEscapedChar \g}]}]} {:GuardedChar [true {:Char [true {:NonEscapedChar \e}]}]} {:GuardedChar [true {:Char [true {:NonEscapedChar \s}]}]} {:GuardedChar [true {:Char [true {:NonEscapedChar \space}]}]} {:GuardedChar [true {:Char [true {:NonEscapedChar \s}]}]} {:GuardedChar [true {:Char [true {:NonEscapedChar \u}]}]} {:GuardedChar [true {:Char [true {:NonEscapedChar \c}]}]} {:GuardedChar [true {:Char [true {:NonEscapedChar \h}]}]} {:GuardedChar [true {:Char [true {:NonEscapedChar \space}]}]} {:GuardedChar [true {:Char [true {:NonEscapedChar \a}]}]} {:GuardedChar [true {:Char [true {:NonEscapedChar \s}]}]} {:GuardedChar [true {:Char [true {:NonEscapedChar \space}]}]} {:GuardedChar [true {:Char [true {:NonEscapedChar \D}]}]} {:GuardedChar [true {:Char [true {:NonEscapedChar \o}]}]} {:GuardedChar [true {:Char [true {:NonEscapedChar \c}]}]} {:GuardedChar [true {:Char [true {:NonEscapedChar \B}]}]} {:GuardedChar [true {:Char [true {:NonEscapedChar \o}]}]} {:GuardedChar [true {:Char [true {:NonEscapedChar \o}]}]} {:GuardedChar [true {:Char [true {:NonEscapedChar \k}]}]} {:GuardedChar [true {:Char [true {:NonEscapedChar \.}]}]})]} \"]}}}]} {:_* ()} \, {:_* (\return \newline \tab \tab \tab \tab \tab \tab)} {:Members {:Pair [{:JSONString {:ContainingString [\" {:Chars [{:GuardedChar [true {:Char [true {:NonEscapedChar \G}]}]} ({:GuardedChar [true {:Char [true {:NonEscapedChar \l}]}]} {:GuardedChar [true {:Char [true {:NonEscapedChar \o}]}]} {:GuardedChar [true {:Char [true {:NonEscapedChar \s}]}]} {:GuardedChar [true {:Char [true {:NonEscapedChar \s}]}]} {:GuardedChar [true {:Char [true {:NonEscapedChar \S}]}]} {:GuardedChar [true {:Char [true {:NonEscapedChar \e}]}]} {:GuardedChar [true {:Char [true {:NonEscapedChar \e}]}]} {:GuardedChar [true {:Char [true {:NonEscapedChar \A}]}]} {:GuardedChar [true {:Char [true {:NonEscapedChar \l}]}]} {:GuardedChar [true {:Char [true {:NonEscapedChar \s}]}]} {:GuardedChar [true {:Char [true {:NonEscapedChar \o}]}]})]} \"]}} {:_* ()} \: {:_* \space} {:Value {:Array {:ContainingArray [\[ {:_* ()} {:Elements [{:Value {:JSONString {:ContainingString [\" {:Chars [{:GuardedChar [true {:Char [true {:NonEscapedChar \G}]}]} ({:GuardedChar [true {:Char [true {:NonEscapedChar \M}]}]} {:GuardedChar [true {:Char [true {:NonEscapedChar \L}]}]})]} \"]}}} {:_* ()} \, {:_* \space} {:Elements {:Value {:JSONString {:ContainingString [\" {:Chars [{:GuardedChar [true {:Char [true {:NonEscapedChar \X}]}]} ({:GuardedChar [true {:Char [true {:NonEscapedChar \M}]}]} {:GuardedChar [true {:Char [true {:NonEscapedChar \L}]}]})]} \"]}}}}]} {:_* ()} \]]}}}]}}]} {:_* (\return \newline \space \space \space \space \space \space \space \space \space \space \space \space \space \space \space \space \space \space \space \space)} \}]}}}]} {:_* ()} \, {:_* (\return \newline \tab \tab \tab \tab \tab)} {:Members {:Pair [{:JSONString {:ContainingString [\" {:Chars [{:GuardedChar [true {:Char [true {:NonEscapedChar \G}]}]} ({:GuardedChar [true {:Char [true {:NonEscapedChar \l}]}]} {:GuardedChar [true {:Char [true {:NonEscapedChar \o}]}]} {:GuardedChar [true {:Char [true {:NonEscapedChar \s}]}]} {:GuardedChar [true {:Char [true {:NonEscapedChar \s}]}]} {:GuardedChar [true {:Char [true {:NonEscapedChar \S}]}]} {:GuardedChar [true {:Char [true {:NonEscapedChar \e}]}]} {:GuardedChar [true {:Char [true {:NonEscapedChar \e}]}]})]} \"]}} {:_* ()} \: {:_* \space} {:Value {:JSONString {:ContainingString [\" {:Chars [{:GuardedChar [true {:Char [true {:NonEscapedChar \m}]}]} ({:GuardedChar [true {:Char [true {:NonEscapedChar \a}]}]} {:GuardedChar [true {:Char [true {:NonEscapedChar \r}]}]} {:GuardedChar [true {:Char [true {:NonEscapedChar \k}]}]} {:GuardedChar [true {:Char [true {:NonEscapedChar \u}]}]} {:GuardedChar [true {:Char [true {:NonEscapedChar \p}]}]})]} \"]}}}]}}]}]}]}]}]}]} {:_* (\return \newline \space \space \space \space \space \space \space \space \space \space \space \space \space \space \space \space)} \}]}}}]}} {:_* (\return \newline \space \space \space \space \space \space \space \space \space \space \space \space)} \}]}}}]}}]} {:_* (\return \newline \space \space \space \space \space \space \space \space)} \}]}}}]}}]} {:_* (\return \newline \space \space \space \space)} \}]}}}]}} {:_* (\return \newline)} \}]}} {:_* (\return \newline)} :$]}
