{:JSONText [{:_* ()} {:JSONObject {:ContainingObject [\{ {:_* ()} {:Members {:Pair [{:JSONString {:ContainingString [\" {:Chars [{:GuardedChar [true {:Char [true {:NonEscapedChar \m}]}]} ({:GuardedChar [true {:Char [true {:NonEscapedChar \e}]}]} {:GuardedChar [true {:Char [true {:NonEscapedChar \n}]}]} {:GuardedChar [true {:Char [true {:NonEscapedChar \u}]}]})]} \"]}} {:_* ()} \: {:_* \space} {:Value {:JSONObject {:ContainingObject [\{ {:_* (\return \newline \space \space)} {:Members [{:Pair [{:JSONString {:ContainingString [\" {:Chars [{:GuardedChar [true {:Char [true {:NonEscapedChar \i}]}]} {:GuardedChar [true {:Char [true {:NonEscapedChar \d}]}]}]} \"]}} {:_* ()} \: {:_* \space} {:Value {:JSONString {:ContainingString [\" {:Chars [{:GuardedChar [true {:Char [true {:NonEscapedChar \f}]}]} ({:GuardedChar [true {:Char [true {:NonEscapedChar \i}]}]} {:GuardedChar [true {:Char [true {:NonEscapedChar \l}]}]} {:GuardedChar [true {:Char [true {:NonEscapedChar \e}]}]})]} \"]}}}]} {:_* ()} \, {:_* (\return \newline \space \space)} {:Members [{:Pair [{:JSONString {:ContainingString [\" {:Chars [{:GuardedChar [true {:Char [true {:NonEscapedChar \v}]}]} ({:GuardedChar [true {:Char [true {:NonEscapedChar \a}]}]} {:GuardedChar [true {:Char [true {:NonEscapedChar \l}]}]} {:GuardedChar [true {:Char [true {:NonEscapedChar \u}]}]} {:GuardedChar [true {:Char [true {:NonEscapedChar \e}]}]})]} \"]}} {:_* ()} \: {:_* \space} {:Value {:JSONString {:ContainingString [\" {:Chars [{:GuardedChar [true {:Char [true {:NonEscapedChar \F}]}]} ({:GuardedChar [true {:Char [true {:NonEscapedChar \i}]}]} {:GuardedChar [true {:Char [true {:NonEscapedChar \l}]}]} {:GuardedChar [true {:Char [true {:NonEscapedChar \e}]}]})]} \"]}}}]} {:_* ()} \, {:_* (\return \newline \space \space)} {:Members {:Pair [{:JSONString {:ContainingString [\" {:Chars [{:GuardedChar [true {:Char [true {:NonEscapedChar \p}]}]} ({:GuardedChar [true {:Char [true {:NonEscapedChar \o}]}]} {:GuardedChar [true {:Char [true {:NonEscapedChar \p}]}]} {:GuardedChar [true {:Char [true {:NonEscapedChar \u}]}]} {:GuardedChar [true {:Char [true {:NonEscapedChar \p}]}]})]} \"]}} {:_* ()} \: {:_* \space} {:Value {:JSONObject {:ContainingObject [\{ {:_* (\return \newline \space \space \space \space)} {:Members {:Pair [{:JSONString {:ContainingString [\" {:Chars [{:GuardedChar [true {:Char [true {:NonEscapedChar \m}]}]} ({:GuardedChar [true {:Char [true {:NonEscapedChar \e}]}]} {:GuardedChar [true {:Char [true {:NonEscapedChar \n}]}]} {:GuardedChar [true {:Char [true {:NonEscapedChar \u}]}]} {:GuardedChar [true {:Char [true {:NonEscapedChar \i}]}]} {:GuardedChar [true {:Char [true {:NonEscapedChar \t}]}]} {:GuardedChar [true {:Char [true {:NonEscapedChar \e}]}]} {:GuardedChar [true {:Char [true {:NonEscapedChar \m}]}]})]} \"]}} {:_* ()} \: {:_* \space} {:Value {:Array {:ContainingArray [\[ {:_* (\return \newline \space \space \space \space \space \space)} {:Elements [{:Value {:JSONObject {:ContainingObject [\{ {:_* ()} {:Members [{:Pair [{:JSONString {:ContainingString [\" {:Chars [{:GuardedChar [true {:Char [true {:NonEscapedChar \v}]}]} ({:GuardedChar [true {:Char [true {:NonEscapedChar \a}]}]} {:GuardedChar [true {:Char [true {:NonEscapedChar \l}]}]} {:GuardedChar [true {:Char [true {:NonEscapedChar \u}]}]} {:GuardedChar [true {:Char [true {:NonEscapedChar \e}]}]})]} \"]}} {:_* ()} \: {:_* \space} {:Value {:JSONString {:ContainingString [\" {:Chars [{:GuardedChar [true {:Char [true {:NonEscapedChar \N}]}]} ({:GuardedChar [true {:Char [true {:NonEscapedChar \e}]}]} {:GuardedChar [true {:Char [true {:NonEscapedChar \w}]}]})]} \"]}}}]} {:_* ()} \, {:_* \space} {:Members {:Pair [{:JSONString {:ContainingString [\" {:Chars [{:GuardedChar [true {:Char [true {:NonEscapedChar \o}]}]} ({:GuardedChar [true {:Char [true {:NonEscapedChar \n}]}]} {:GuardedChar [true {:Char [true {:NonEscapedChar \c}]}]} {:GuardedChar [true {:Char [true {:NonEscapedChar \l}]}]} {:GuardedChar [true {:Char [true {:NonEscapedChar \i}]}]} {:GuardedChar [true {:Char [true {:NonEscapedChar \c}]}]} {:GuardedChar [true {:Char [true {:NonEscapedChar \k}]}]})]} \"]}} {:_* ()} \: {:_* \space} {:Value {:JSONString {:ContainingString [\" {:Chars [{:GuardedChar [true {:Char [true {:NonEscapedChar \C}]}]} ({:GuardedChar [true {:Char [true {:NonEscapedChar \r}]}]} {:GuardedChar [true {:Char [true {:NonEscapedChar \e}]}]} {:GuardedChar [true {:Char [true {:NonEscapedChar \a}]}]} {:GuardedChar [true {:Char [true {:NonEscapedChar \t}]}]} {:GuardedChar [true {:Char [true {:NonEscapedChar \e}]}]} {:GuardedChar [true {:Char [true {:NonEscapedChar \N}]}]} {:GuardedChar [true {:Char [true {:NonEscapedChar \e}]}]} {:GuardedChar [true {:Char [true {:NonEscapedChar \w}]}]} {:GuardedChar [true {:Char [true {:NonEscapedChar \D}]}]} {:GuardedChar [true {:Char [true {:NonEscapedChar \o}]}]} {:GuardedChar [true {:Char [true {:NonEscapedChar \c}]}]} {:GuardedChar [true {:Char [true {:NonEscapedChar \(}]}]} {:GuardedChar [true {:Char [true {:NonEscapedChar \)}]}]})]} \"]}}}]}}]} {:_* ()} \}]}}} {:_* ()} \, {:_* (\return \newline \space \space \space \space \space \space)} {:Elements [{:Value {:JSONObject {:ContainingObject [\{ {:_* ()} {:Members [{:Pair [{:JSONString {:ContainingString [\" {:Chars [{:GuardedChar [true {:Char [true {:NonEscapedChar \v}]}]} ({:GuardedChar [true {:Char [true {:NonEscapedChar \a}]}]} {:GuardedChar [true {:Char [true {:NonEscapedChar \l}]}]} {:GuardedChar [true {:Char [true {:NonEscapedChar \u}]}]} {:GuardedChar [true {:Char [true {:NonEscapedChar \e}]}]})]} \"]}} {:_* ()} \: {:_* \space} {:Value {:JSONString {:ContainingString [\" {:Chars [{:GuardedChar [true {:Char [true {:NonEscapedChar \O}]}]} ({:GuardedChar [true {:Char [true {:NonEscapedChar \p}]}]} {:GuardedChar [true {:Char [true {:NonEscapedChar \e}]}]} {:GuardedChar [true {:Char [true {:NonEscapedChar \n}]}]})]} \"]}}}]} {:_* ()} \, {:_* \space} {:Members {:Pair [{:JSONString {:ContainingString [\" {:Chars [{:GuardedChar [true {:Char [true {:NonEscapedChar \o}]}]} ({:GuardedChar [true {:Char [true {:NonEscapedChar \n}]}]} {:GuardedChar [true {:Char [true {:NonEscapedChar \c}]}]} {:GuardedChar [true {:Char [true {:NonEscapedChar \l}]}]} {:GuardedChar [true {:Char [true {:NonEscapedChar \i}]}]} {:GuardedChar [true {:Char [true {:NonEscapedChar \c}]}]} {:GuardedChar [true {:Char [true {:NonEscapedChar \k}]}]})]} \"]}} {:_* ()} \: {:_* \space} {:Value {:JSONString {:ContainingString [\" {:Chars [{:GuardedChar [true {:Char [true {:NonEscapedChar \O}]}]} ({:GuardedChar [true {:Char [true {:NonEscapedChar \p}]}]} {:GuardedChar [true {:Char [true {:NonEscapedChar \e}]}]} {:GuardedChar [true {:Char [true {:NonEscapedChar \n}]}]} {:GuardedChar [true {:Char [true {:NonEscapedChar \D}]}]} {:GuardedChar [true {:Char [true {:NonEscapedChar \o}]}]} {:GuardedChar [true {:Char [true {:NonEscapedChar \c}]}]} {:GuardedChar [true {:Char [true {:NonEscapedChar \(}]}]} {:GuardedChar [true {:Char [true {:NonEscapedChar \)}]}]})]} \"]}}}]}}]} {:_* ()} \}]}}} {:_* ()} \, {:_* (\return \newline \space \space \space \space \space \space)} {:Elements {:Value {:JSONObject {:ContainingObject [\{ {:_* ()} {:Members [{:Pair [{:JSONString {:ContainingString [\" {:Chars [{:GuardedChar [true {:Char [true {:NonEscapedChar \v}]}]} ({:GuardedChar [true {:Char [true {:NonEscapedChar \a}]}]} {:GuardedChar [true {:Char [true {:NonEscapedChar \l}]}]} {:GuardedChar [true {:Char [true {:NonEscapedChar \u}]}]} {:GuardedChar [true {:Char [true {:NonEscapedChar \e}]}]})]} \"]}} {:_* ()} \: {:_* \space} {:Value {:JSONString {:ContainingString [\" {:Chars [{:GuardedChar [true {:Char [true {:NonEscapedChar \C}]}]} ({:GuardedChar [true {:Char [true {:NonEscapedChar \l}]}]} {:GuardedChar [true {:Char [true {:NonEscapedChar \o}]}]} {:GuardedChar [true {:Char [true {:NonEscapedChar \s}]}]} {:GuardedChar [true {:Char [true {:NonEscapedChar \e}]}]})]} \"]}}}]} {:_* ()} \, {:_* \space} {:Members {:Pair [{:JSONString {:ContainingString [\" {:Chars [{:GuardedChar [true {:Char [true {:NonEscapedChar \o}]}]} ({:GuardedChar [true {:Char [true {:NonEscapedChar \n}]}]} {:GuardedChar [true {:Char [true {:NonEscapedChar \c}]}]} {:GuardedChar [true {:Char [true {:NonEscapedChar \l}]}]} {:GuardedChar [true {:Char [true {:NonEscapedChar \i}]}]} {:GuardedChar [true {:Char [true {:NonEscapedChar \c}]}]} {:GuardedChar [true {:Char [true {:NonEscapedChar \k}]}]})]} \"]}} {:_* ()} \: {:_* \space} {:Value {:JSONString {:ContainingString [\" {:Chars [{:GuardedChar [true {:Char [true {:NonEscapedChar \C}]}]} ({:GuardedChar [true {:Char [true {:NonEscapedChar \l}]}]} {:GuardedChar [true {:Char [true {:NonEscapedChar \o}]}]} {:GuardedChar [true {:Char [true {:NonEscapedChar \s}]}]} {:GuardedChar [true {:Char [true {:NonEscapedChar \e}]}]} {:GuardedChar [true {:Char [true {:NonEscapedChar \D}]}]} {:GuardedChar [true {:Char [true {:NonEscapedChar \o}]}]} {:GuardedChar [true {:Char [true {:NonEscapedChar \c}]}]} {:GuardedChar [true {:Char [true {:NonEscapedChar \(}]}]} {:GuardedChar [true {:Char [true {:NonEscapedChar \)}]}]})]} \"]}}}]}}]} {:_* ()} \}]}}}}]}]} {:_* (\return \newline \space \space \space \space)} \]]}}}]}} {:_* (\return \newline \space \space)} \}]}}}]}}]}]} {:_* (\return \newline)} \}]}}}]}} {:_* ()} \}]}} {:_* (\return \newline)} :$]}