{:JSONText [{:_* ()} {:JSONObject {:ContainingObject [\{ {:_* ()} {:Members {:Pair [{:JSONString {:ContainingString [\" {:Chars [{:GuardedChar [true {:Char [true {:NonEscapedChar \w}]}]} ({:GuardedChar [true {:Char [true {:NonEscapedChar \i}]}]} {:GuardedChar [true {:Char [true {:NonEscapedChar \d}]}]} {:GuardedChar [true {:Char [true {:NonEscapedChar \g}]}]} {:GuardedChar [true {:Char [true {:NonEscapedChar \e}]}]} {:GuardedChar [true {:Char [true {:NonEscapedChar \t}]}]})]} \"]}} {:_* ()} \: {:_* \space} {:Value {:JSONObject {:ContainingObject [\{ {:_* (\return \newline \space \space \space \space)} {:Members [{:Pair [{:JSONString {:ContainingString [\" {:Chars [{:GuardedChar [true {:Char [true {:NonEscapedChar \d}]}]} ({:GuardedChar [true {:Char [true {:NonEscapedChar \e}]}]} {:GuardedChar [true {:Char [true {:NonEscapedChar \b}]}]} {:GuardedChar [true {:Char [true {:NonEscapedChar \u}]}]} {:GuardedChar [true {:Char [true {:NonEscapedChar \g}]}]})]} \"]}} {:_* ()} \: {:_* \space} {:Value {:JSONString {:ContainingString [\" {:Chars [{:GuardedChar [true {:Char [true {:NonEscapedChar \o}]}]} {:GuardedChar [true {:Char [true {:NonEscapedChar \n}]}]}]} \"]}}}]} {:_* ()} \, {:_* (\return \newline \space \space \space \space)} {:Members [{:Pair [{:JSONString {:ContainingString [\" {:Chars [{:GuardedChar [true {:Char [true {:NonEscapedChar \w}]}]} ({:GuardedChar [true {:Char [true {:NonEscapedChar \i}]}]} {:GuardedChar [true {:Char [true {:NonEscapedChar \n}]}]} {:GuardedChar [true {:Char [true {:NonEscapedChar \d}]}]} {:GuardedChar [true {:Char [true {:NonEscapedChar \o}]}]} {:GuardedChar [true {:Char [true {:NonEscapedChar \w}]}]})]} \"]}} {:_* ()} \: {:_* \space} {:Value {:JSONObject {:ContainingObject [\{ {:_* (\return \newline \space \space \space \space \space \space \space \space)} {:Members [{:Pair [{:JSONString {:ContainingString [\" {:Chars [{:GuardedChar [true {:Char [true {:NonEscapedChar \t}]}]} ({:GuardedChar [true {:Char [true {:NonEscapedChar \i}]}]} {:GuardedChar [true {:Char [true {:NonEscapedChar \t}]}]} {:GuardedChar [true {:Char [true {:NonEscapedChar \l}]}]} {:GuardedChar [true {:Char [true {:NonEscapedChar \e}]}]})]} \"]}} {:_* ()} \: {:_* \space} {:Value {:JSONString {:ContainingString [\" {:Chars [{:GuardedChar [true {:Char [true {:NonEscapedChar \S}]}]} ({:GuardedChar [true {:Char [true {:NonEscapedChar \a}]}]} {:GuardedChar [true {:Char [true {:NonEscapedChar \m}]}]} {:GuardedChar [true {:Char [true {:NonEscapedChar \p}]}]} {:GuardedChar [true {:Char [true {:NonEscapedChar \l}]}]} {:GuardedChar [true {:Char [true {:NonEscapedChar \e}]}]} {:GuardedChar [true {:Char [true {:NonEscapedChar \space}]}]} {:GuardedChar [true {:Char [true {:NonEscapedChar \K}]}]} {:GuardedChar [true {:Char [true {:NonEscapedChar \o}]}]} {:GuardedChar [true {:Char [true {:NonEscapedChar \n}]}]} {:GuardedChar [true {:Char [true {:NonEscapedChar \f}]}]} {:GuardedChar [true {:Char [true {:NonEscapedChar \a}]}]} {:GuardedChar [true {:Char [true {:NonEscapedChar \b}]}]} {:GuardedChar [true {:Char [true {:NonEscapedChar \u}]}]} {:GuardedChar [true {:Char [true {:NonEscapedChar \l}]}]} {:GuardedChar [true {:Char [true {:NonEscapedChar \a}]}]} {:GuardedChar [true {:Char [true {:NonEscapedChar \t}]}]} {:GuardedChar [true {:Char [true {:NonEscapedChar \o}]}]} {:GuardedChar [true {:Char [true {:NonEscapedChar \r}]}]} {:GuardedChar [true {:Char [true {:NonEscapedChar \space}]}]} {:GuardedChar [true {:Char [true {:NonEscapedChar \W}]}]} {:GuardedChar [true {:Char [true {:NonEscapedChar \i}]}]} {:GuardedChar [true {:Char [true {:NonEscapedChar \d}]}]} {:GuardedChar [true {:Char [true {:NonEscapedChar \g}]}]} {:GuardedChar [true {:Char [true {:NonEscapedChar \e}]}]} {:GuardedChar [true {:Char [true {:NonEscapedChar \t}]}]})]} \"]}}}]} {:_* ()} \, {:_* (\return \newline \space \space \space \space \space \space \space \space)} {:Members [{:Pair [{:JSONString {:ContainingString [\" {:Chars [{:GuardedChar [true {:Char [true {:NonEscapedChar \n}]}]} ({:GuardedChar [true {:Char [true {:NonEscapedChar \a}]}]} {:GuardedChar [true {:Char [true {:NonEscapedChar \m}]}]} {:GuardedChar [true {:Char [true {:NonEscapedChar \e}]}]})]} \"]}} {:_* ()} \: {:_* \space} {:Value {:JSONString {:ContainingString [\" {:Chars [{:GuardedChar [true {:Char [true {:NonEscapedChar \m}]}]} ({:GuardedChar [true {:Char [true {:NonEscapedChar \a}]}]} {:GuardedChar [true {:Char [true {:NonEscapedChar \i}]}]} {:GuardedChar [true {:Char [true {:NonEscapedChar \n}]}]} {:GuardedChar [true {:Char [true {:NonEscapedChar \_}]}]} {:GuardedChar [true {:Char [true {:NonEscapedChar \w}]}]} {:GuardedChar [true {:Char [true {:NonEscapedChar \i}]}]} {:GuardedChar [true {:Char [true {:NonEscapedChar \n}]}]} {:GuardedChar [true {:Char [true {:NonEscapedChar \d}]}]} {:GuardedChar [true {:Char [true {:NonEscapedChar \o}]}]} {:GuardedChar [true {:Char [true {:NonEscapedChar \w}]}]})]} \"]}}}]} {:_* ()} \, {:_* (\return \newline \space \space \space \space \space \space \space \space)} {:Members [{:Pair [{:JSONString {:ContainingString [\" {:Chars [{:GuardedChar [true {:Char [true {:NonEscapedChar \w}]}]} ({:GuardedChar [true {:Char [true {:NonEscapedChar \i}]}]} {:GuardedChar [true {:Char [true {:NonEscapedChar \d}]}]} {:GuardedChar [true {:Char [true {:NonEscapedChar \t}]}]} {:GuardedChar [true {:Char [true {:NonEscapedChar \h}]}]})]} \"]}} {:_* ()} \: {:_* \space} {:Value {:JSONNumber {:Int [{:Digit1-9 \5} {:Digits [{:Digit \0} {:Digits [{:Digit \0} ()]}]}]}}}]} {:_* ()} \, {:_* (\return \newline \space \space \space \space \space \space \space \space)} {:Members {:Pair [{:JSONString {:ContainingString [\" {:Chars [{:GuardedChar [true {:Char [true {:NonEscapedChar \h}]}]} ({:GuardedChar [true {:Char [true {:NonEscapedChar \e}]}]} {:GuardedChar [true {:Char [true {:NonEscapedChar \i}]}]} {:GuardedChar [true {:Char [true {:NonEscapedChar \g}]}]} {:GuardedChar [true {:Char [true {:NonEscapedChar \h}]}]} {:GuardedChar [true {:Char [true {:NonEscapedChar \t}]}]})]} \"]}} {:_* ()} \: {:_* \space} {:Value {:JSONNumber {:Int [{:Digit1-9 \5} {:Digits [{:Digit \0} {:Digits [{:Digit \0} ()]}]}]}}}]}}]}]}]} {:_* (\return \newline \space \space \space \space)} \}]}}}]} {:_* ()} \, {:_* (\return \newline \space \space \space \space)} {:Members [{:Pair [{:JSONString {:ContainingString [\" {:Chars [{:GuardedChar [true {:Char [true {:NonEscapedChar \i}]}]} ({:GuardedChar [true {:Char [true {:NonEscapedChar \m}]}]} {:GuardedChar [true {:Char [true {:NonEscapedChar \a}]}]} {:GuardedChar [true {:Char [true {:NonEscapedChar \g}]}]} {:GuardedChar [true {:Char [true {:NonEscapedChar \e}]}]})]} \"]}} {:_* ()} \: {:_* \space} {:Value {:JSONObject {:ContainingObject [\{ {:_* (\space \return \newline \space \space \space \space \space \space \space \space)} {:Members [{:Pair [{:JSONString {:ContainingString [\" {:Chars [{:GuardedChar [true {:Char [true {:NonEscapedChar \s}]}]} ({:GuardedChar [true {:Char [true {:NonEscapedChar \r}]}]} {:GuardedChar [true {:Char [true {:NonEscapedChar \c}]}]})]} \"]}} {:_* ()} \: {:_* \space} {:Value {:JSONString {:ContainingString [\" {:Chars [{:GuardedChar [true {:Char [true {:NonEscapedChar \I}]}]} ({:GuardedChar [true {:Char [true {:NonEscapedChar \m}]}]} {:GuardedChar [true {:Char [true {:NonEscapedChar \a}]}]} {:GuardedChar [true {:Char [true {:NonEscapedChar \g}]}]} {:GuardedChar [true {:Char [true {:NonEscapedChar \e}]}]} {:GuardedChar [true {:Char [true {:NonEscapedChar \s}]}]} {:GuardedChar [true {:Char [true {:NonEscapedChar \/}]}]} {:GuardedChar [true {:Char [true {:NonEscapedChar \S}]}]} {:GuardedChar [true {:Char [true {:NonEscapedChar \u}]}]} {:GuardedChar [true {:Char [true {:NonEscapedChar \n}]}]} {:GuardedChar [true {:Char [true {:NonEscapedChar \.}]}]} {:GuardedChar [true {:Char [true {:NonEscapedChar \p}]}]} {:GuardedChar [true {:Char [true {:NonEscapedChar \n}]}]} {:GuardedChar [true {:Char [true {:NonEscapedChar \g}]}]})]} \"]}}}]} {:_* ()} \, {:_* (\return \newline \space \space \space \space \space \space \space \space)} {:Members [{:Pair [{:JSONString {:ContainingString [\" {:Chars [{:GuardedChar [true {:Char [true {:NonEscapedChar \n}]}]} ({:GuardedChar [true {:Char [true {:NonEscapedChar \a}]}]} {:GuardedChar [true {:Char [true {:NonEscapedChar \m}]}]} {:GuardedChar [true {:Char [true {:NonEscapedChar \e}]}]})]} \"]}} {:_* ()} \: {:_* \space} {:Value {:JSONString {:ContainingString [\" {:Chars [{:GuardedChar [true {:Char [true {:NonEscapedChar \s}]}]} ({:GuardedChar [true {:Char [true {:NonEscapedChar \u}]}]} {:GuardedChar [true {:Char [true {:NonEscapedChar \n}]}]} {:GuardedChar [true {:Char [true {:NonEscapedChar \1}]}]})]} \"]}}}]} {:_* ()} \, {:_* (\return \newline \space \space \space \space \space \space \space \space)} {:Members [{:Pair [{:JSONString {:ContainingString [\" {:Chars [{:GuardedChar [true {:Char [true {:NonEscapedChar \h}]}]} ({:GuardedChar [true {:Char [true {:NonEscapedChar \O}]}]} {:GuardedChar [true {:Char [true {:NonEscapedChar \f}]}]} {:GuardedChar [true {:Char [true {:NonEscapedChar \f}]}]} {:GuardedChar [true {:Char [true {:NonEscapedChar \s}]}]} {:GuardedChar [true {:Char [true {:NonEscapedChar \e}]}]} {:GuardedChar [true {:Char [true {:NonEscapedChar \t}]}]})]} \"]}} {:_* ()} \: {:_* \space} {:Value {:JSONNumber {:Int [{:Digit1-9 \2} {:Digits [{:Digit \5} {:Digits [{:Digit \0} ()]}]}]}}}]} {:_* ()} \, {:_* (\return \newline \space \space \space \space \space \space \space \space)} {:Members [{:Pair [{:JSONString {:ContainingString [\" {:Chars [{:GuardedChar [true {:Char [true {:NonEscapedChar \v}]}]} ({:GuardedChar [true {:Char [true {:NonEscapedChar \O}]}]} {:GuardedChar [true {:Char [true {:NonEscapedChar \f}]}]} {:GuardedChar [true {:Char [true {:NonEscapedChar \f}]}]} {:GuardedChar [true {:Char [true {:NonEscapedChar \s}]}]} {:GuardedChar [true {:Char [true {:NonEscapedChar \e}]}]} {:GuardedChar [true {:Char [true {:NonEscapedChar \t}]}]})]} \"]}} {:_* ()} \: {:_* \space} {:Value {:JSONNumber {:Int [{:Digit1-9 \2} {:Digits [{:Digit \5} {:Digits [{:Digit \0} ()]}]}]}}}]} {:_* ()} \, {:_* (\return \newline \space \space \space \space \space \space \space \space)} {:Members {:Pair [{:JSONString {:ContainingString [\" {:Chars [{:GuardedChar [true {:Char [true {:NonEscapedChar \a}]}]} ({:GuardedChar [true {:Char [true {:NonEscapedChar \l}]}]} {:GuardedChar [true {:Char [true {:NonEscapedChar \i}]}]} {:GuardedChar [true {:Char [true {:NonEscapedChar \g}]}]} {:GuardedChar [true {:Char [true {:NonEscapedChar \n}]}]} {:GuardedChar [true {:Char [true {:NonEscapedChar \m}]}]} {:GuardedChar [true {:Char [true {:NonEscapedChar \e}]}]} {:GuardedChar [true {:Char [true {:NonEscapedChar \n}]}]} {:GuardedChar [true {:Char [true {:NonEscapedChar \t}]}]})]} \"]}} {:_* ()} \: {:_* \space} {:Value {:JSONString {:ContainingString [\" {:Chars [{:GuardedChar [true {:Char [true {:NonEscapedChar \c}]}]} ({:GuardedChar [true {:Char [true {:NonEscapedChar \e}]}]} {:GuardedChar [true {:Char [true {:NonEscapedChar \n}]}]} {:GuardedChar [true {:Char [true {:NonEscapedChar \t}]}]} {:GuardedChar [true {:Char [true {:NonEscapedChar \e}]}]} {:GuardedChar [true {:Char [true {:NonEscapedChar \r}]}]})]} \"]}}}]}}]}]}]}]} {:_* (\return \newline \space \space \space \space)} \}]}}}]} {:_* ()} \, {:_* (\return \newline \space \space \space \space)} {:Members {:Pair [{:JSONString {:ContainingString [\" {:Chars [{:GuardedChar [true {:Char [true {:NonEscapedChar \t}]}]} ({:GuardedChar [true {:Char [true {:NonEscapedChar \e}]}]} {:GuardedChar [true {:Char [true {:NonEscapedChar \x}]}]} {:GuardedChar [true {:Char [true {:NonEscapedChar \t}]}]})]} \"]}} {:_* ()} \: {:_* \space} {:Value {:JSONObject {:ContainingObject [\{ {:_* (\return \newline \space \space \space \space \space \space \space \space)} {:Members [{:Pair [{:JSONString {:ContainingString [\" {:Chars [{:GuardedChar [true {:Char [true {:NonEscapedChar \d}]}]} ({:GuardedChar [true {:Char [true {:NonEscapedChar \a}]}]} {:GuardedChar [true {:Char [true {:NonEscapedChar \t}]}]} {:GuardedChar [true {:Char [true {:NonEscapedChar \a}]}]})]} \"]}} {:_* ()} \: {:_* \space} {:Value {:JSONString {:ContainingString [\" {:Chars [{:GuardedChar [true {:Char [true {:NonEscapedChar \C}]}]} ({:GuardedChar [true {:Char [true {:NonEscapedChar \l}]}]} {:GuardedChar [true {:Char [true {:NonEscapedChar \i}]}]} {:GuardedChar [true {:Char [true {:NonEscapedChar \c}]}]} {:GuardedChar [true {:Char [true {:NonEscapedChar \k}]}]} {:GuardedChar [true {:Char [true {:NonEscapedChar \space}]}]} {:GuardedChar [true {:Char [true {:NonEscapedChar \H}]}]} {:GuardedChar [true {:Char [true {:NonEscapedChar \e}]}]} {:GuardedChar [true {:Char [true {:NonEscapedChar \r}]}]} {:GuardedChar [true {:Char [true {:NonEscapedChar \e}]}]})]} \"]}}}]} {:_* ()} \, {:_* (\return \newline \space \space \space \space \space \space \space \space)} {:Members [{:Pair [{:JSONString {:ContainingString [\" {:Chars [{:GuardedChar [true {:Char [true {:NonEscapedChar \s}]}]} ({:GuardedChar [true {:Char [true {:NonEscapedChar \i}]}]} {:GuardedChar [true {:Char [true {:NonEscapedChar \z}]}]} {:GuardedChar [true {:Char [true {:NonEscapedChar \e}]}]})]} \"]}} {:_* ()} \: {:_* \space} {:Value {:JSONNumber {:Int [{:Digit1-9 \3} {:Digits [{:Digit \6} ()]}]}}}]} {:_* ()} \, {:_* (\return \newline \space \space \space \space \space \space \space \space)} {:Members [{:Pair [{:JSONString {:ContainingString [\" {:Chars [{:GuardedChar [true {:Char [true {:NonEscapedChar \s}]}]} ({:GuardedChar [true {:Char [true {:NonEscapedChar \t}]}]} {:GuardedChar [true {:Char [true {:NonEscapedChar \y}]}]} {:GuardedChar [true {:Char [true {:NonEscapedChar \l}]}]} {:GuardedChar [true {:Char [true {:NonEscapedChar \e}]}]})]} \"]}} {:_* ()} \: {:_* \space} {:Value {:JSONString {:ContainingString [\" {:Chars [{:GuardedChar [true {:Char [true {:NonEscapedChar \b}]}]} ({:GuardedChar [true {:Char [true {:NonEscapedChar \o}]}]} {:GuardedChar [true {:Char [true {:NonEscapedChar \l}]}]} {:GuardedChar [true {:Char [true {:NonEscapedChar \d}]}]})]} \"]}}}]} {:_* ()} \, {:_* (\return \newline \space \space \space \space \space \space \space \space)} {:Members [{:Pair [{:JSONString {:ContainingString [\" {:Chars [{:GuardedChar [true {:Char [true {:NonEscapedChar \n}]}]} ({:GuardedChar [true {:Char [true {:NonEscapedChar \a}]}]} {:GuardedChar [true {:Char [true {:NonEscapedChar \m}]}]} {:GuardedChar [true {:Char [true {:NonEscapedChar \e}]}]})]} \"]}} {:_* ()} \: {:_* \space} {:Value {:JSONString {:ContainingString [\" {:Chars [{:GuardedChar [true {:Char [true {:NonEscapedChar \t}]}]} ({:GuardedChar [true {:Char [true {:NonEscapedChar \e}]}]} {:GuardedChar [true {:Char [true {:NonEscapedChar \x}]}]} {:GuardedChar [true {:Char [true {:NonEscapedChar \t}]}]} {:GuardedChar [true {:Char [true {:NonEscapedChar \1}]}]})]} \"]}}}]} {:_* ()} \, {:_* (\return \newline \space \space \space \space \space \space \space \space)} {:Members [{:Pair [{:JSONString {:ContainingString [\" {:Chars [{:GuardedChar [true {:Char [true {:NonEscapedChar \h}]}]} ({:GuardedChar [true {:Char [true {:NonEscapedChar \O}]}]} {:GuardedChar [true {:Char [true {:NonEscapedChar \f}]}]} {:GuardedChar [true {:Char [true {:NonEscapedChar \f}]}]} {:GuardedChar [true {:Char [true {:NonEscapedChar \s}]}]} {:GuardedChar [true {:Char [true {:NonEscapedChar \e}]}]} {:GuardedChar [true {:Char [true {:NonEscapedChar \t}]}]})]} \"]}} {:_* ()} \: {:_* \space} {:Value {:JSONNumber {:Int [{:Digit1-9 \2} {:Digits [{:Digit \5} {:Digits [{:Digit \0} ()]}]}]}}}]} {:_* ()} \, {:_* (\return \newline \space \space \space \space \space \space \space \space)} {:Members [{:Pair [{:JSONString {:ContainingString [\" {:Chars [{:GuardedChar [true {:Char [true {:NonEscapedChar \v}]}]} ({:GuardedChar [true {:Char [true {:NonEscapedChar \O}]}]} {:GuardedChar [true {:Char [true {:NonEscapedChar \f}]}]} {:GuardedChar [true {:Char [true {:NonEscapedChar \f}]}]} {:GuardedChar [true {:Char [true {:NonEscapedChar \s}]}]} {:GuardedChar [true {:Char [true {:NonEscapedChar \e}]}]} {:GuardedChar [true {:Char [true {:NonEscapedChar \t}]}]})]} \"]}} {:_* ()} \: {:_* \space} {:Value {:JSONNumber {:Int [{:Digit1-9 \1} {:Digits [{:Digit \0} {:Digits [{:Digit \0} ()]}]}]}}}]} {:_* ()} \, {:_* (\return \newline \space \space \space \space \space \space \space \space)} {:Members [{:Pair [{:JSONString {:ContainingString [\" {:Chars [{:GuardedChar [true {:Char [true {:NonEscapedChar \a}]}]} ({:GuardedChar [true {:Char [true {:NonEscapedChar \l}]}]} {:GuardedChar [true {:Char [true {:NonEscapedChar \i}]}]} {:GuardedChar [true {:Char [true {:NonEscapedChar \g}]}]} {:GuardedChar [true {:Char [true {:NonEscapedChar \n}]}]} {:GuardedChar [true {:Char [true {:NonEscapedChar \m}]}]} {:GuardedChar [true {:Char [true {:NonEscapedChar \e}]}]} {:GuardedChar [true {:Char [true {:NonEscapedChar \n}]}]} {:GuardedChar [true {:Char [true {:NonEscapedChar \t}]}]})]} \"]}} {:_* ()} \: {:_* \space} {:Value {:JSONString {:ContainingString [\" {:Chars [{:GuardedChar [true {:Char [true {:NonEscapedChar \c}]}]} ({:GuardedChar [true {:Char [true {:NonEscapedChar \e}]}]} {:GuardedChar [true {:Char [true {:NonEscapedChar \n}]}]} {:GuardedChar [true {:Char [true {:NonEscapedChar \t}]}]} {:GuardedChar [true {:Char [true {:NonEscapedChar \e}]}]} {:GuardedChar [true {:Char [true {:NonEscapedChar \r}]}]})]} \"]}}}]} {:_* ()} \, {:_* (\return \newline \space \space \space \space \space \space \space \space)} {:Members {:Pair [{:JSONString {:ContainingString [\" {:Chars [{:GuardedChar [true {:Char [true {:NonEscapedChar \o}]}]} ({:GuardedChar [true {:Char [true {:NonEscapedChar \n}]}]} {:GuardedChar [true {:Char [true {:NonEscapedChar \M}]}]} {:GuardedChar [true {:Char [true {:NonEscapedChar \o}]}]} {:GuardedChar [true {:Char [true {:NonEscapedChar \u}]}]} {:GuardedChar [true {:Char [true {:NonEscapedChar \s}]}]} {:GuardedChar [true {:Char [true {:NonEscapedChar \e}]}]} {:GuardedChar [true {:Char [true {:NonEscapedChar \U}]}]} {:GuardedChar [true {:Char [true {:NonEscapedChar \p}]}]})]} \"]}} {:_* ()} \: {:_* \space} {:Value {:JSONString {:ContainingString [\" {:Chars [{:GuardedChar [true {:Char [true {:NonEscapedChar \s}]}]} ({:GuardedChar [true {:Char [true {:NonEscapedChar \u}]}]} {:GuardedChar [true {:Char [true {:NonEscapedChar \n}]}]} {:GuardedChar [true {:Char [true {:NonEscapedChar \1}]}]} {:GuardedChar [true {:Char [true {:NonEscapedChar \.}]}]} {:GuardedChar [true {:Char [true {:NonEscapedChar \o}]}]} {:GuardedChar [true {:Char [true {:NonEscapedChar \p}]}]} {:GuardedChar [true {:Char [true {:NonEscapedChar \a}]}]} {:GuardedChar [true {:Char [true {:NonEscapedChar \c}]}]} {:GuardedChar [true {:Char [true {:NonEscapedChar \i}]}]} {:GuardedChar [true {:Char [true {:NonEscapedChar \t}]}]} {:GuardedChar [true {:Char [true {:NonEscapedChar \y}]}]} {:GuardedChar [true {:Char [true {:NonEscapedChar \space}]}]} {:GuardedChar [true {:Char [true {:NonEscapedChar \=}]}]} {:GuardedChar [true {:Char [true {:NonEscapedChar \space}]}]} {:GuardedChar [true {:Char [true {:NonEscapedChar \(}]}]} {:GuardedChar [true {:Char [true {:NonEscapedChar \s}]}]} {:GuardedChar [true {:Char [true {:NonEscapedChar \u}]}]} {:GuardedChar [true {:Char [true {:NonEscapedChar \n}]}]} {:GuardedChar [true {:Char [true {:NonEscapedChar \1}]}]} {:GuardedChar [true {:Char [true {:NonEscapedChar \.}]}]} {:GuardedChar [true {:Char [true {:NonEscapedChar \o}]}]} {:GuardedChar [true {:Char [true {:NonEscapedChar \p}]}]} {:GuardedChar [true {:Char [true {:NonEscapedChar \a}]}]} {:GuardedChar [true {:Char [true {:NonEscapedChar \c}]}]} {:GuardedChar [true {:Char [true {:NonEscapedChar \i}]}]} {:GuardedChar [true {:Char [true {:NonEscapedChar \t}]}]} {:GuardedChar [true {:Char [true {:NonEscapedChar \y}]}]} {:GuardedChar [true {:Char [true {:NonEscapedChar \space}]}]} {:GuardedChar [true {:Char [true {:NonEscapedChar \/}]}]} {:GuardedChar [true {:Char [true {:NonEscapedChar \space}]}]} {:GuardedChar [true {:Char [true {:NonEscapedChar \1}]}]} {:GuardedChar [true {:Char [true {:NonEscapedChar \0}]}]} {:GuardedChar [true {:Char [true {:NonEscapedChar \0}]}]} {:GuardedChar [true {:Char [true {:NonEscapedChar \)}]}]} {:GuardedChar [true {:Char [true {:NonEscapedChar \space}]}]} {:GuardedChar [true {:Char [true {:NonEscapedChar \*}]}]} {:GuardedChar [true {:Char [true {:NonEscapedChar \space}]}]} {:GuardedChar [true {:Char [true {:NonEscapedChar \9}]}]} {:GuardedChar [true {:Char [true {:NonEscapedChar \0}]}]} {:GuardedChar [true {:Char [true {:NonEscapedChar \;}]}]})]} \"]}}}]}}]}]}]}]}]}]}]} {:_* (\return \newline)} \}]}}}]}}]}]}]} {:_* ()} \}]}}}]}} {:_* ()} \}]}} {:_* (\return \newline)} :$]}